Archive member included to satisfy reference by file (symbol)

c:/program files (x86)/atmel/studio/7.0/toolchain/avr8/avr8-gnu-toolchain/bin/../lib/gcc/avr/4.9.2/avr5\libgcc.a(_exit.o)
                              C:/Program Files (x86)/Atmel/Studio/7.0/Packs/atmel/ATmega_DFP/1.1.130/gcc/dev/atmega16a/avr5/crtatmega16a.o (exit)
c:/program files (x86)/atmel/studio/7.0/toolchain/avr8/avr8-gnu-toolchain/bin/../lib/gcc/avr/4.9.2/avr5\libgcc.a(_clear_bss.o)
                              main.o (__do_clear_bss)

Allocating common symbols
Common symbol       size              file

orders_sensors_orders
                    0x78              main.o
orders_sensors_orders_head
                    0x1               main.o
command             0x8               main.o
sensors_sensor_index
                    0x1               sensors.o
servo_servos_table  0x8               main.o
servo_orders_table  0x4e              main.o
sensors_sensors     0x6               main.o
stepper_motors_orders
                    0xa8              main.o
sensors_decision    0x1               main.o
key_press           0x1               main.o
orders_sensors_devices
                    0xc               main.o
debounce_cnt        0x1               main.o
stepper_motors_table
                    0x2c              main.o
key_state           0x1               main.o

Discarded input sections

 .data          0x00000000        0x0 C:/Program Files (x86)/Atmel/Studio/7.0/Packs/atmel/ATmega_DFP/1.1.130/gcc/dev/atmega16a/avr5/crtatmega16a.o
 .bss           0x00000000        0x0 C:/Program Files (x86)/Atmel/Studio/7.0/Packs/atmel/ATmega_DFP/1.1.130/gcc/dev/atmega16a/avr5/crtatmega16a.o
 .text          0x00000000        0x0 hd44780.o
 .data          0x00000000        0x0 hd44780.o
 .bss           0x00000000        0x0 hd44780.o
 .text.lcd_write
                0x00000000       0x9e hd44780.o
 .text.lcd_command
                0x00000000        0x8 hd44780.o
 .text.lcd_goto
                0x00000000        0x8 hd44780.o
 .text.lcd_clrscr
                0x00000000        0x8 hd44780.o
 .text.lcd_home
                0x00000000        0x8 hd44780.o
 .text.lcd_putc
                0x00000000        0x8 hd44780.o
 .text.lcd_puts
                0x00000000       0x20 hd44780.o
 .text.lcd_puts_P
                0x00000000       0x24 hd44780.o
 .text.lcd_init
                0x00000000       0xce hd44780.o
 .debug_info    0x00000000      0x413 hd44780.o
 .debug_abbrev  0x00000000      0x162 hd44780.o
 .debug_loc     0x00000000      0x217 hd44780.o
 .debug_aranges
                0x00000000       0x60 hd44780.o
 .debug_ranges  0x00000000       0x68 hd44780.o
 .debug_line    0x00000000      0x447 hd44780.o
 .debug_str     0x00000000      0x247 hd44780.o
 .comment       0x00000000       0x31 hd44780.o
 .debug_frame   0x00000000       0xbc hd44780.o
 .text          0x00000000        0x0 main.o
 .data          0x00000000        0x0 main.o
 .bss           0x00000000        0x0 main.o
 .text          0x00000000        0x0 orders.o
 .data          0x00000000        0x0 orders.o
 .bss           0x00000000        0x0 orders.o
 .text.orders_sensors_push_back_order_deprecated
                0x00000000      0x13c orders.o
 .text.orders_process_sensor_deprecated
                0x00000000       0x9e orders.o
 .text          0x00000000        0x0 sensors.o
 .data          0x00000000        0x0 sensors.o
 .bss           0x00000000        0x0 sensors.o
 .text.sensors_read_adc
                0x00000000       0xc8 sensors.o
 COMMON         0x00000000        0x1 sensors.o
 .text          0x00000000        0x0 servo.o
 .data          0x00000000        0x0 servo.o
 .bss           0x00000000        0x0 servo.o
 .text          0x00000000        0x0 stepper.o
 .data          0x00000000        0x0 stepper.o
 .bss           0x00000000        0x0 stepper.o
 .text          0x00000000        0x0 c:/program files (x86)/atmel/studio/7.0/toolchain/avr8/avr8-gnu-toolchain/bin/../lib/gcc/avr/4.9.2/avr5\libgcc.a(_exit.o)
 .data          0x00000000        0x0 c:/program files (x86)/atmel/studio/7.0/toolchain/avr8/avr8-gnu-toolchain/bin/../lib/gcc/avr/4.9.2/avr5\libgcc.a(_exit.o)
 .bss           0x00000000        0x0 c:/program files (x86)/atmel/studio/7.0/toolchain/avr8/avr8-gnu-toolchain/bin/../lib/gcc/avr/4.9.2/avr5\libgcc.a(_exit.o)
 .text.libgcc.mul
                0x00000000        0x0 c:/program files (x86)/atmel/studio/7.0/toolchain/avr8/avr8-gnu-toolchain/bin/../lib/gcc/avr/4.9.2/avr5\libgcc.a(_exit.o)
 .text.libgcc.div
                0x00000000        0x0 c:/program files (x86)/atmel/studio/7.0/toolchain/avr8/avr8-gnu-toolchain/bin/../lib/gcc/avr/4.9.2/avr5\libgcc.a(_exit.o)
 .text.libgcc   0x00000000        0x0 c:/program files (x86)/atmel/studio/7.0/toolchain/avr8/avr8-gnu-toolchain/bin/../lib/gcc/avr/4.9.2/avr5\libgcc.a(_exit.o)
 .text.libgcc.prologue
                0x00000000        0x0 c:/program files (x86)/atmel/studio/7.0/toolchain/avr8/avr8-gnu-toolchain/bin/../lib/gcc/avr/4.9.2/avr5\libgcc.a(_exit.o)
 .text.libgcc.builtins
                0x00000000        0x0 c:/program files (x86)/atmel/studio/7.0/toolchain/avr8/avr8-gnu-toolchain/bin/../lib/gcc/avr/4.9.2/avr5\libgcc.a(_exit.o)
 .text.libgcc.fmul
                0x00000000        0x0 c:/program files (x86)/atmel/studio/7.0/toolchain/avr8/avr8-gnu-toolchain/bin/../lib/gcc/avr/4.9.2/avr5\libgcc.a(_exit.o)
 .text.libgcc.fixed
                0x00000000        0x0 c:/program files (x86)/atmel/studio/7.0/toolchain/avr8/avr8-gnu-toolchain/bin/../lib/gcc/avr/4.9.2/avr5\libgcc.a(_exit.o)
 .text          0x00000000        0x0 c:/program files (x86)/atmel/studio/7.0/toolchain/avr8/avr8-gnu-toolchain/bin/../lib/gcc/avr/4.9.2/avr5\libgcc.a(_clear_bss.o)
 .data          0x00000000        0x0 c:/program files (x86)/atmel/studio/7.0/toolchain/avr8/avr8-gnu-toolchain/bin/../lib/gcc/avr/4.9.2/avr5\libgcc.a(_clear_bss.o)
 .bss           0x00000000        0x0 c:/program files (x86)/atmel/studio/7.0/toolchain/avr8/avr8-gnu-toolchain/bin/../lib/gcc/avr/4.9.2/avr5\libgcc.a(_clear_bss.o)
 .text.libgcc.mul
                0x00000000        0x0 c:/program files (x86)/atmel/studio/7.0/toolchain/avr8/avr8-gnu-toolchain/bin/../lib/gcc/avr/4.9.2/avr5\libgcc.a(_clear_bss.o)
 .text.libgcc.div
                0x00000000        0x0 c:/program files (x86)/atmel/studio/7.0/toolchain/avr8/avr8-gnu-toolchain/bin/../lib/gcc/avr/4.9.2/avr5\libgcc.a(_clear_bss.o)
 .text.libgcc   0x00000000        0x0 c:/program files (x86)/atmel/studio/7.0/toolchain/avr8/avr8-gnu-toolchain/bin/../lib/gcc/avr/4.9.2/avr5\libgcc.a(_clear_bss.o)
 .text.libgcc.prologue
                0x00000000        0x0 c:/program files (x86)/atmel/studio/7.0/toolchain/avr8/avr8-gnu-toolchain/bin/../lib/gcc/avr/4.9.2/avr5\libgcc.a(_clear_bss.o)
 .text.libgcc.builtins
                0x00000000        0x0 c:/program files (x86)/atmel/studio/7.0/toolchain/avr8/avr8-gnu-toolchain/bin/../lib/gcc/avr/4.9.2/avr5\libgcc.a(_clear_bss.o)
 .text.libgcc.fmul
                0x00000000        0x0 c:/program files (x86)/atmel/studio/7.0/toolchain/avr8/avr8-gnu-toolchain/bin/../lib/gcc/avr/4.9.2/avr5\libgcc.a(_clear_bss.o)
 .text.libgcc.fixed
                0x00000000        0x0 c:/program files (x86)/atmel/studio/7.0/toolchain/avr8/avr8-gnu-toolchain/bin/../lib/gcc/avr/4.9.2/avr5\libgcc.a(_clear_bss.o)

Memory Configuration

Name             Origin             Length             Attributes
text             0x00000000         0x00020000         xr
data             0x00800060         0x0000ffa0         rw !x
eeprom           0x00810000         0x00010000         rw !x
fuse             0x00820000         0x00000002         rw !x
lock             0x00830000         0x00000400         rw !x
signature        0x00840000         0x00000400         rw !x
user_signatures  0x00850000         0x00000400         rw !x
*default*        0x00000000         0xffffffff

Linker script and memory map

LOAD C:/Program Files (x86)/Atmel/Studio/7.0/Packs/atmel/ATmega_DFP/1.1.130/gcc/dev/atmega16a/avr5/crtatmega16a.o
LOAD hd44780.o
LOAD main.o
LOAD orders.o
LOAD sensors.o
LOAD servo.o
LOAD stepper.o
START GROUP
LOAD c:/program files (x86)/atmel/studio/7.0/toolchain/avr8/avr8-gnu-toolchain/bin/../lib/gcc/avr/4.9.2/../../../../avr/lib/avr5\libm.a
END GROUP
START GROUP
LOAD c:/program files (x86)/atmel/studio/7.0/toolchain/avr8/avr8-gnu-toolchain/bin/../lib/gcc/avr/4.9.2/avr5\libgcc.a
LOAD c:/program files (x86)/atmel/studio/7.0/toolchain/avr8/avr8-gnu-toolchain/bin/../lib/gcc/avr/4.9.2/../../../../avr/lib/avr5\libm.a
LOAD c:/program files (x86)/atmel/studio/7.0/toolchain/avr8/avr8-gnu-toolchain/bin/../lib/gcc/avr/4.9.2/../../../../avr/lib/avr5\libc.a
LOAD C:/Program Files (x86)/Atmel/Studio/7.0/Packs/atmel/ATmega_DFP/1.1.130/gcc/dev/atmega16a/avr5\libatmega16a.a
END GROUP
                0x00020000                __TEXT_REGION_LENGTH__ = DEFINED (__TEXT_REGION_LENGTH__)?__TEXT_REGION_LENGTH__:0x20000
                0x0000ffa0                __DATA_REGION_LENGTH__ = DEFINED (__DATA_REGION_LENGTH__)?__DATA_REGION_LENGTH__:0xffa0
                0x00010000                __EEPROM_REGION_LENGTH__ = DEFINED (__EEPROM_REGION_LENGTH__)?__EEPROM_REGION_LENGTH__:0x10000
                [0x00000002]                __FUSE_REGION_LENGTH__ = DEFINED (__FUSE_REGION_LENGTH__)?__FUSE_REGION_LENGTH__:0x400
                0x00000400                __LOCK_REGION_LENGTH__ = DEFINED (__LOCK_REGION_LENGTH__)?__LOCK_REGION_LENGTH__:0x400
                0x00000400                __SIGNATURE_REGION_LENGTH__ = DEFINED (__SIGNATURE_REGION_LENGTH__)?__SIGNATURE_REGION_LENGTH__:0x400
                0x00000400                __USER_SIGNATURE_REGION_LENGTH__ = DEFINED (__USER_SIGNATURE_REGION_LENGTH__)?__USER_SIGNATURE_REGION_LENGTH__:0x400

.hash
 *(.hash)

.dynsym
 *(.dynsym)

.dynstr
 *(.dynstr)

.gnu.version
 *(.gnu.version)

.gnu.version_d
 *(.gnu.version_d)

.gnu.version_r
 *(.gnu.version_r)

.rel.init
 *(.rel.init)

.rela.init
 *(.rela.init)

.rel.text
 *(.rel.text)
 *(.rel.text.*)
 *(.rel.gnu.linkonce.t*)

.rela.text
 *(.rela.text)
 *(.rela.text.*)
 *(.rela.gnu.linkonce.t*)

.rel.fini
 *(.rel.fini)

.rela.fini
 *(.rela.fini)

.rel.rodata
 *(.rel.rodata)
 *(.rel.rodata.*)
 *(.rel.gnu.linkonce.r*)

.rela.rodata
 *(.rela.rodata)
 *(.rela.rodata.*)
 *(.rela.gnu.linkonce.r*)

.rel.data
 *(.rel.data)
 *(.rel.data.*)
 *(.rel.gnu.linkonce.d*)

.rela.data
 *(.rela.data)
 *(.rela.data.*)
 *(.rela.gnu.linkonce.d*)

.rel.ctors
 *(.rel.ctors)

.rela.ctors
 *(.rela.ctors)

.rel.dtors
 *(.rel.dtors)

.rela.dtors
 *(.rela.dtors)

.rel.got
 *(.rel.got)

.rela.got
 *(.rela.got)

.rel.bss
 *(.rel.bss)

.rela.bss
 *(.rela.bss)

.rel.plt
 *(.rel.plt)

.rela.plt
 *(.rela.plt)

.text           0x00000000     0x151a
 *(.vectors)
 .vectors       0x00000000       0x54 C:/Program Files (x86)/Atmel/Studio/7.0/Packs/atmel/ATmega_DFP/1.1.130/gcc/dev/atmega16a/avr5/crtatmega16a.o
                0x00000000                __vector_default
                0x00000000                __vectors
 *(.vectors)
 *(.progmem.gcc*)
                0x00000054                . = ALIGN (0x2)
                0x00000054                __trampolines_start = .
 *(.trampolines)
 .trampolines   0x00000054        0x0 linker stubs
 *(.trampolines*)
                0x00000054                __trampolines_end = .
 *libprintf_flt.a:*(.progmem.data)
 *libc.a:*(.progmem.data)
 *(.progmem*)
                0x00000054                . = ALIGN (0x2)
 *(.jumptables)
 *(.jumptables*)
 *(.lowtext)
 *(.lowtext*)
                0x00000054                __ctors_start = .
 *(.ctors)
                0x00000054                __ctors_end = .
                0x00000054                __dtors_start = .
 *(.dtors)
                0x00000054                __dtors_end = .
 SORT(*)(.ctors)
 SORT(*)(.dtors)
 *(.init0)
 .init0         0x00000054        0x0 C:/Program Files (x86)/Atmel/Studio/7.0/Packs/atmel/ATmega_DFP/1.1.130/gcc/dev/atmega16a/avr5/crtatmega16a.o
                0x00000054                __init
 *(.init0)
 *(.init1)
 *(.init1)
 *(.init2)
 .init2         0x00000054        0xc C:/Program Files (x86)/Atmel/Studio/7.0/Packs/atmel/ATmega_DFP/1.1.130/gcc/dev/atmega16a/avr5/crtatmega16a.o
 *(.init2)
 *(.init3)
 *(.init3)
 *(.init4)
 .init4         0x00000060       0x10 c:/program files (x86)/atmel/studio/7.0/toolchain/avr8/avr8-gnu-toolchain/bin/../lib/gcc/avr/4.9.2/avr5\libgcc.a(_clear_bss.o)
                0x00000060                __do_clear_bss
 *(.init4)
 *(.init5)
 *(.init5)
 *(.init6)
 *(.init6)
 *(.init7)
 *(.init7)
 *(.init8)
 *(.init8)
 *(.init9)
 .init9         0x00000070        0x8 C:/Program Files (x86)/Atmel/Studio/7.0/Packs/atmel/ATmega_DFP/1.1.130/gcc/dev/atmega16a/avr5/crtatmega16a.o
 *(.init9)
 *(.text)
 .text          0x00000078        0x4 C:/Program Files (x86)/Atmel/Studio/7.0/Packs/atmel/ATmega_DFP/1.1.130/gcc/dev/atmega16a/avr5/crtatmega16a.o
                0x00000078                __vector_1
                0x00000078                __vector_12
                0x00000078                __bad_interrupt
                0x00000078                __vector_3
                0x00000078                __vector_13
                0x00000078                __vector_17
                0x00000078                __vector_19
                0x00000078                __vector_5
                0x00000078                __vector_4
                0x00000078                __vector_2
                0x00000078                __vector_15
                0x00000078                __vector_8
                0x00000078                __vector_10
                0x00000078                __vector_16
                0x00000078                __vector_18
                0x00000078                __vector_20
                0x0000007c                . = ALIGN (0x2)
 *(.text.*)
 .text.__vector_11
                0x0000007c      0x216 main.o
                0x0000007c                __vector_11
 .text.main     0x00000292       0xac main.o
                0x00000292                main
 .text.orders_timer_vector_function
                0x0000033e       0x3e orders.o
                0x0000033e                orders_timer_vector_function
 .text.orders_refresh_devices_values
                0x0000037c       0x76 orders.o
                0x0000037c                orders_refresh_devices_values
 .text.orders_get_barrier
                0x000003f2       0x5e orders.o
                0x000003f2                orders_get_barrier
 .text.orders_get_barrier_index
                0x00000450       0xcc orders.o
                0x00000450                orders_get_barrier_index
 .text.orders_sensors_pop_front_order
                0x0000051c       0xb8 orders.o
                0x0000051c                orders_sensors_pop_front_order
 .text.orders_process_sensors
                0x000005d4      0x142 orders.o
                0x000005d4                orders_process_sensors
 .text.__vector_7
                0x00000716       0x50 orders.o
                0x00000716                __vector_7
 .text.orders_sensors_push_back_order
                0x00000766      0x11a orders.o
                0x00000766                orders_sensors_push_back_order
 .text.orders_get_barrier_from_char
                0x00000880       0x1e orders.o
                0x00000880                orders_get_barrier_from_char
 .text.__vector_14
                0x0000089e       0x16 sensors.o
                0x0000089e                __vector_14
 .text.buttons_init_io
                0x000008b4       0x12 sensors.o
                0x000008b4                buttons_init_io
 .text.sensors_init
                0x000008c6       0x22 sensors.o
                0x000008c6                sensors_init
 .text.get_key_press
                0x000008e8       0x16 sensors.o
                0x000008e8                get_key_press
 .text.servo_init
                0x000008fe       0xaa servo.o
                0x000008fe                servo_init
 .text.__vector_6
                0x000009a8       0xd8 servo.o
                0x000009a8                __vector_6
 .text.servo_set_servo
                0x00000a80       0x42 servo.o
                0x00000a80                servo_set_servo
 .text.servo_add_servo
                0x00000ac2       0x24 servo.o
                0x00000ac2                servo_add_servo
 .text.servo_push_back_order
                0x00000ae6      0x158 servo.o
                0x00000ae6                servo_push_back_order
 .text.servo_process_servo
                0x00000c3e       0xaa servo.o
                0x00000c3e                servo_process_servo
 .text.stepper_add_motor
                0x00000ce8       0x22 stepper.o
                0x00000ce8                stepper_add_motor
 .text.stepper_set_speed
                0x00000d0a       0x12 stepper.o
                0x00000d0a                stepper_set_speed
 .text.stepper_init
                0x00000d1c       0x12 stepper.o
                0x00000d1c                stepper_init
 .text.stepper_fastest_and_init_motors
                0x00000d2e       0x7a stepper.o
                0x00000d2e                stepper_fastest_and_init_motors
 .text.stepper_pop_front_order
                0x00000da8      0x13e stepper.o
                0x00000da8                stepper_pop_front_order
 .text.stepper_process_motor
                0x00000ee6      0x388 stepper.o
                0x00000ee6                stepper_process_motor
 .text.__vector_9
                0x0000126e      0x102 stepper.o
                0x0000126e                __vector_9
 .text.stepper_push_back_order
                0x00001370      0x1a6 stepper.o
                0x00001370                stepper_push_back_order
                0x00001516                . = ALIGN (0x2)
 *(.fini9)
 .fini9         0x00001516        0x0 c:/program files (x86)/atmel/studio/7.0/toolchain/avr8/avr8-gnu-toolchain/bin/../lib/gcc/avr/4.9.2/avr5\libgcc.a(_exit.o)
                0x00001516                _exit
                0x00001516                exit
 *(.fini9)
 *(.fini8)
 *(.fini8)
 *(.fini7)
 *(.fini7)
 *(.fini6)
 *(.fini6)
 *(.fini5)
 *(.fini5)
 *(.fini4)
 *(.fini4)
 *(.fini3)
 *(.fini3)
 *(.fini2)
 *(.fini2)
 *(.fini1)
 *(.fini1)
 *(.fini0)
 .fini0         0x00001516        0x4 c:/program files (x86)/atmel/studio/7.0/toolchain/avr8/avr8-gnu-toolchain/bin/../lib/gcc/avr/4.9.2/avr5\libgcc.a(_exit.o)
 *(.fini0)
                0x0000151a                _etext = .

.data           0x00800060        0x0 load address 0x0000151a
                [!provide]                PROVIDE (__data_start, .)
 *(.data)
 *(.data*)
 *(.rodata)
 *(.rodata*)
 *(.gnu.linkonce.d*)
                0x00800060                . = ALIGN (0x2)
                0x00800060                _edata = .
                [!provide]                PROVIDE (__data_end, .)

.bss            0x00800060      0x1c3
                0x00800060                PROVIDE (__bss_start, .)
 *(.bss)
 *(.bss*)
 .bss.ct1.1650  0x00800060        0x1 orders.o
 .bss.ct0.1649  0x00800061        0x1 orders.o
 *(COMMON)
 COMMON         0x00800062      0x1c1 main.o
                0x00800062                orders_sensors_orders
                0x008000da                orders_sensors_orders_head
                0x008000db                command
                0x008000e3                servo_servos_table
                0x008000eb                servo_orders_table
                0x00800139                sensors_sensors
                0x0080013f                stepper_motors_orders
                0x008001e7                sensors_decision
                0x008001e8                key_press
                0x008001e9                orders_sensors_devices
                0x008001f5                debounce_cnt
                0x008001f6                stepper_motors_table
                0x00800222                key_state
                0x00800223                PROVIDE (__bss_end, .)
                0x0000151a                __data_load_start = LOADADDR (.data)
                0x0000151a                __data_load_end = (__data_load_start + SIZEOF (.data))

.noinit         0x00800223        0x0
                [!provide]                PROVIDE (__noinit_start, .)
 *(.noinit*)
                [!provide]                PROVIDE (__noinit_end, .)
                0x00800223                _end = .
                [!provide]                PROVIDE (__heap_start, .)

.eeprom         0x00810000        0x0
 *(.eeprom*)
                0x00810000                __eeprom_end = .

.fuse
 *(.fuse)
 *(.lfuse)
 *(.hfuse)
 *(.efuse)

.lock
 *(.lock*)

.signature
 *(.signature*)

.user_signatures
 *(.user_signatures*)

.stab
 *(.stab)

.stabstr
 *(.stabstr)

.stab.excl
 *(.stab.excl)

.stab.exclstr
 *(.stab.exclstr)

.stab.index
 *(.stab.index)

.stab.indexstr
 *(.stab.indexstr)

.comment        0x00000000       0x30
 *(.comment)
 .comment       0x00000000       0x30 main.o
                                 0x31 (size before relaxing)
 .comment       0x00000030       0x31 orders.o
 .comment       0x00000030       0x31 sensors.o
 .comment       0x00000030       0x31 servo.o
 .comment       0x00000030       0x31 stepper.o

.note.gnu.avr.deviceinfo
                0x00000000       0x3c
 .note.gnu.avr.deviceinfo
                0x00000000       0x3c C:/Program Files (x86)/Atmel/Studio/7.0/Packs/atmel/ATmega_DFP/1.1.130/gcc/dev/atmega16a/avr5/crtatmega16a.o

.note.gnu.build-id
 *(.note.gnu.build-id)

.debug
 *(.debug)

.line
 *(.line)

.debug_srcinfo
 *(.debug_srcinfo)

.debug_sfnames
 *(.debug_sfnames)

.debug_aranges  0x00000000      0x178
 *(.debug_aranges)
 .debug_aranges
                0x00000000       0x28 main.o
 .debug_aranges
                0x00000028       0x70 orders.o
 .debug_aranges
                0x00000098       0x40 sensors.o
 .debug_aranges
                0x000000d8       0x48 servo.o
 .debug_aranges
                0x00000120       0x58 stepper.o

.debug_pubnames
 *(.debug_pubnames)

.debug_info     0x00000000     0x26b4
 *(.debug_info .gnu.linkonce.wi.*)
 .debug_info    0x00000000      0x52e C:/Program Files (x86)/Atmel/Studio/7.0/Packs/atmel/ATmega_DFP/1.1.130/gcc/dev/atmega16a/avr5/crtatmega16a.o
 .debug_info    0x0000052e      0xa7b main.o
 .debug_info    0x00000fa9      0x92a orders.o
 .debug_info    0x000018d3      0x197 sensors.o
 .debug_info    0x00001a6a      0x4da servo.o
 .debug_info    0x00001f44      0x770 stepper.o

.debug_abbrev   0x00000000      0xd32
 *(.debug_abbrev)
 .debug_abbrev  0x00000000      0x4e7 C:/Program Files (x86)/Atmel/Studio/7.0/Packs/atmel/ATmega_DFP/1.1.130/gcc/dev/atmega16a/avr5/crtatmega16a.o
 .debug_abbrev  0x000004e7      0x1a5 main.o
 .debug_abbrev  0x0000068c      0x1fe orders.o
 .debug_abbrev  0x0000088a       0xf7 sensors.o
 .debug_abbrev  0x00000981      0x1b4 servo.o
 .debug_abbrev  0x00000b35      0x1fd stepper.o

.debug_line     0x00000000     0x10ee
 *(.debug_line .debug_line.* .debug_line_end)
 .debug_line    0x00000000      0x115 C:/Program Files (x86)/Atmel/Studio/7.0/Packs/atmel/ATmega_DFP/1.1.130/gcc/dev/atmega16a/avr5/crtatmega16a.o
 .debug_line    0x00000115      0x267 main.o
 .debug_line    0x0000037c      0x4c6 orders.o
 .debug_line    0x00000842      0x1ef sensors.o
 .debug_line    0x00000a31      0x2a5 servo.o
 .debug_line    0x00000cd6      0x418 stepper.o

.debug_frame    0x00000000      0x514
 *(.debug_frame)
 .debug_frame   0x00000000       0xa0 main.o
 .debug_frame   0x000000a0      0x1c0 orders.o
 .debug_frame   0x00000260       0x70 sensors.o
 .debug_frame   0x000002d0       0xe8 servo.o
 .debug_frame   0x000003b8      0x15c stepper.o

.debug_str      0x00000000      0xa83
 *(.debug_str)
 .debug_str     0x00000000      0x1af C:/Program Files (x86)/Atmel/Studio/7.0/Packs/atmel/ATmega_DFP/1.1.130/gcc/dev/atmega16a/avr5/crtatmega16a.o
 .debug_str     0x000001af      0x5ee main.o
                                0x670 (size before relaxing)
 .debug_str     0x0000079d      0x195 orders.o
                                0x715 (size before relaxing)
 .debug_str     0x00000932       0x5a sensors.o
                                0x23b (size before relaxing)
 .debug_str     0x0000098c       0x61 servo.o
                                0x40f (size before relaxing)
 .debug_str     0x000009ed       0x96 stepper.o
                                0x5d2 (size before relaxing)

.debug_loc      0x00000000     0x1414
 *(.debug_loc)
 .debug_loc     0x00000000      0x1d0 main.o
 .debug_loc     0x000001d0      0x8ae orders.o
 .debug_loc     0x00000a7e       0x4d sensors.o
 .debug_loc     0x00000acb      0x3b6 servo.o
 .debug_loc     0x00000e81      0x593 stepper.o

.debug_macinfo
 *(.debug_macinfo)

.debug_weaknames
 *(.debug_weaknames)

.debug_funcnames
 *(.debug_funcnames)

.debug_typenames
 *(.debug_typenames)

.debug_varnames
 *(.debug_varnames)

.debug_pubtypes
 *(.debug_pubtypes)

.debug_ranges   0x00000000      0x140
 *(.debug_ranges)
 .debug_ranges  0x00000000       0x18 main.o
 .debug_ranges  0x00000018       0x60 orders.o
 .debug_ranges  0x00000078       0x30 sensors.o
 .debug_ranges  0x000000a8       0x50 servo.o
 .debug_ranges  0x000000f8       0x48 stepper.o

.debug_macro
 *(.debug_macro)
OUTPUT(ForklistAttempt.elf elf32-avr)
LOAD linker stubs
